<!DOCTYPE html><html><head><title>https://examplesite.com/ru/colors/golden/</title><link rel="canonical" href="https://examplesite.com/ru/colors/golden/"/><meta name="robots" content="noindex"><meta charset="utf-8" /><meta http-equiv="refresh" content="0; url=https://examplesite.com/ru/colors/golden/" /></head></html>